[2026-06-29 14:23:57] local.ERROR: Please provide a valid cache path. {"exception":"[object] (InvalidArgumentException(code: 0): Please provide a valid cache path. at /Users/abdulbasit/NGNWEBTONGN/vendor/laravel/framework/src/Illuminate/View/Compilers/Compiler.php:75)
[stacktrace]
#0 /Users/abdulbasit/NGNWEBTONGN/vendor/laravel/framework/src/Illuminate/View/ViewServiceProvider.php(97): Illuminate\\View\\Compilers\\Compiler->__construct(Object(Illuminate\\Filesystem\\Filesystem), false, '', true, 'php', true)
#1 /Users/abdulbasit/NGNWEBTONGN/vendor/laravel/framework/src/Illuminate/Container/Container.php(1115): Illuminate\\View\\ViewServiceProvider->Illuminate\\View\\{closure}(Object(Illuminate\\Foundation\\Application), Array)
#2 /Users/abdulbasit/NGNWEBTONGN/vendor/laravel/framework/src/Illuminate/Container/Container.php(933): Illuminate\\Container\\Container->build(Object(Closure))
#3 /Users/abdulbasit/NGNWEBTONGN/vendor/laravel/framework/src/Illuminate/Foundation/Application.php(1078): Illuminate\\Container\\Container->resolve('blade.compiler', Array, true)
#4 /Users/abdulbasit/NGNWEBTONGN/vendor/laravel/framework/src/Illuminate/Container/Container.php(864): Illuminate\\Foundation\\Application->resolve('blade.compiler', Array)
#5 /Users/abdulbasit/NGNWEBTONGN/vendor/laravel/framework/src/Illuminate/Foundation/Application.php(1058): Illuminate\\Container\\Container->make('blade.compiler', Array)
#6 /Users/abdulbasit/NGNWEBTONGN/vendor/laravel/framework/src/Illuminate/Container/Container.php(1805): Illuminate\\Foundation\\Application->make('blade.compiler')
#7 /Users/abdulbasit/NGNWEBTONGN/vendor/laravel/framework/src/Illuminate/Support/Facades/Facade.php(240): Illuminate\\Container\\Container->offsetGet('blade.compiler')
#8 /Users/abdulbasit/NGNWEBTONGN/vendor/laravel/framework/src/Illuminate/Support/Facades/Facade.php(211): Illuminate\\Support\\Facades\\Facade::resolveFacadeInstance('blade.compiler')
#9 /Users/abdulbasit/NGNWEBTONGN/vendor/laravel/framework/src/Illuminate/Support/Facades/Facade.php(357): Illuminate\\Support\\Facades\\Facade::getFacadeRoot()
#10 /Users/abdulbasit/NGNWEBTONGN/vendor/backpack/crud/src/BackpackServiceProvider.php(375): Illuminate\\Support\\Facades\\Facade::__callStatic('component', Array)
#11 /Users/abdulbasit/NGNWEBTONGN/vendor/backpack/crud/src/BackpackServiceProvider.php(105): Backpack\\CRUD\\BackpackServiceProvider->registerDynamicBladeComponents()
#12 /Users/abdulbasit/NGNWEBTONGN/vendor/laravel/framework/src/Illuminate/Foundation/Application.php(896): Backpack\\CRUD\\BackpackServiceProvider->register()
#13 /Users/abdulbasit/NGNWEBTONGN/vendor/laravel/framework/src/Illuminate/Foundation/ProviderRepository.php(74): Illuminate\\Foundation\\Application->register(Object(Backpack\\CRUD\\BackpackServiceProvider))
#14 /Users/abdulbasit/NGNWEBTONGN/vendor/laravel/framework/src/Illuminate/Foundation/Application.php(871): Illuminate\\Foundation\\ProviderRepository->load(Array)
#15 /Users/abdulbasit/NGNWEBTONGN/vendor/laravel/framework/src/Illuminate/Foundation/Bootstrap/RegisterProviders.php(37): Illuminate\\Foundation\\Application->registerConfiguredProviders()
#16 /Users/abdulbasit/NGNWEBTONGN/vendor/laravel/framework/src/Illuminate/Foundation/Application.php(342): Illuminate\\Foundation\\Bootstrap\\RegisterProviders->bootstrap(Object(Illuminate\\Foundation\\Application))
#17 /Users/abdulbasit/NGNWEBTONGN/vendor/laravel/framework/src/Illuminate/Foundation/Http/Kernel.php(186): Illuminate\\Foundation\\Application->bootstrapWith(Array)
#18 /Users/abdulbasit/NGNWEBTONGN/vendor/laravel/framework/src/Illuminate/Foundation/Http/Kernel.php(170): Illuminate\\Foundation\\Http\\Kernel->bootstrap()
#19 /Users/abdulbasit/NGNWEBTONGN/vendor/laravel/framework/src/Illuminate/Foundation/Http/Kernel.php(144): Illuminate\\Foundation\\Http\\Kernel->sendRequestThroughRouter(Object(Illuminate\\Http\\Request))
#20 /Users/abdulbasit/NGNWEBTONGN/public/index.php(51): Illuminate\\Foundation\\Http\\Kernel->handle(Object(Illuminate\\Http\\Request))
#21 /Users/abdulbasit/NGNWEBTONGN/vendor/laravel/framework/src/Illuminate/Foundation/resources/server.php(23): require_once('/Users/abdulbas...')
#22 {main}
"} 
[2026-06-29 14:24:00] local.ERROR: Please provide a valid cache path. {"exception":"[object] (InvalidArgumentException(code: 0): Please provide a valid cache path. at /Users/abdulbasit/NGNWEBTONGN/vendor/laravel/framework/src/Illuminate/View/Compilers/Compiler.php:75)
[stacktrace]
#0 /Users/abdulbasit/NGNWEBTONGN/vendor/laravel/framework/src/Illuminate/View/ViewServiceProvider.php(97): Illuminate\\View\\Compilers\\Compiler->__construct(Object(Illuminate\\Filesystem\\Filesystem), false, '', true, 'php', true)
#1 /Users/abdulbasit/NGNWEBTONGN/vendor/laravel/framework/src/Illuminate/Container/Container.php(1115): Illuminate\\View\\ViewServiceProvider->Illuminate\\View\\{closure}(Object(Illuminate\\Foundation\\Application), Array)
#2 /Users/abdulbasit/NGNWEBTONGN/vendor/laravel/framework/src/Illuminate/Container/Container.php(933): Illuminate\\Container\\Container->build(Object(Closure))
#3 /Users/abdulbasit/NGNWEBTONGN/vendor/laravel/framework/src/Illuminate/Foundation/Application.php(1078): Illuminate\\Container\\Container->resolve('blade.compiler', Array, true)
#4 /Users/abdulbasit/NGNWEBTONGN/vendor/laravel/framework/src/Illuminate/Container/Container.php(864): Illuminate\\Foundation\\Application->resolve('blade.compiler', Array)
#5 /Users/abdulbasit/NGNWEBTONGN/vendor/laravel/framework/src/Illuminate/Foundation/Application.php(1058): Illuminate\\Container\\Container->make('blade.compiler', Array)
#6 /Users/abdulbasit/NGNWEBTONGN/vendor/laravel/framework/src/Illuminate/Container/Container.php(1805): Illuminate\\Foundation\\Application->make('blade.compiler')
#7 /Users/abdulbasit/NGNWEBTONGN/vendor/laravel/framework/src/Illuminate/Support/Facades/Facade.php(240): Illuminate\\Container\\Container->offsetGet('blade.compiler')
#8 /Users/abdulbasit/NGNWEBTONGN/vendor/laravel/framework/src/Illuminate/Support/Facades/Facade.php(211): Illuminate\\Support\\Facades\\Facade::resolveFacadeInstance('blade.compiler')
#9 /Users/abdulbasit/NGNWEBTONGN/vendor/laravel/framework/src/Illuminate/Support/Facades/Facade.php(357): Illuminate\\Support\\Facades\\Facade::getFacadeRoot()
#10 /Users/abdulbasit/NGNWEBTONGN/vendor/backpack/crud/src/BackpackServiceProvider.php(375): Illuminate\\Support\\Facades\\Facade::__callStatic('component', Array)
#11 /Users/abdulbasit/NGNWEBTONGN/vendor/backpack/crud/src/BackpackServiceProvider.php(105): Backpack\\CRUD\\BackpackServiceProvider->registerDynamicBladeComponents()
#12 /Users/abdulbasit/NGNWEBTONGN/vendor/laravel/framework/src/Illuminate/Foundation/Application.php(896): Backpack\\CRUD\\BackpackServiceProvider->register()
#13 /Users/abdulbasit/NGNWEBTONGN/vendor/laravel/framework/src/Illuminate/Foundation/ProviderRepository.php(74): Illuminate\\Foundation\\Application->register(Object(Backpack\\CRUD\\BackpackServiceProvider))
#14 /Users/abdulbasit/NGNWEBTONGN/vendor/laravel/framework/src/Illuminate/Foundation/Application.php(871): Illuminate\\Foundation\\ProviderRepository->load(Array)
#15 /Users/abdulbasit/NGNWEBTONGN/vendor/laravel/framework/src/Illuminate/Foundation/Bootstrap/RegisterProviders.php(37): Illuminate\\Foundation\\Application->registerConfiguredProviders()
#16 /Users/abdulbasit/NGNWEBTONGN/vendor/laravel/framework/src/Illuminate/Foundation/Application.php(342): Illuminate\\Foundation\\Bootstrap\\RegisterProviders->bootstrap(Object(Illuminate\\Foundation\\Application))
#17 /Users/abdulbasit/NGNWEBTONGN/vendor/laravel/framework/src/Illuminate/Foundation/Http/Kernel.php(186): Illuminate\\Foundation\\Application->bootstrapWith(Array)
#18 /Users/abdulbasit/NGNWEBTONGN/vendor/laravel/framework/src/Illuminate/Foundation/Http/Kernel.php(170): Illuminate\\Foundation\\Http\\Kernel->bootstrap()
#19 /Users/abdulbasit/NGNWEBTONGN/vendor/laravel/framework/src/Illuminate/Foundation/Http/Kernel.php(144): Illuminate\\Foundation\\Http\\Kernel->sendRequestThroughRouter(Object(Illuminate\\Http\\Request))
#20 /Users/abdulbasit/NGNWEBTONGN/public/index.php(51): Illuminate\\Foundation\\Http\\Kernel->handle(Object(Illuminate\\Http\\Request))
#21 /Users/abdulbasit/NGNWEBTONGN/vendor/laravel/framework/src/Illuminate/Foundation/resources/server.php(23): require_once('/Users/abdulbas...')
#22 {main}
"} 
[2026-06-29 14:24:05] local.ERROR: Please provide a valid cache path. {"exception":"[object] (InvalidArgumentException(code: 0): Please provide a valid cache path. at /Users/abdulbasit/NGNWEBTONGN/vendor/laravel/framework/src/Illuminate/View/Compilers/Compiler.php:75)
[stacktrace]
#0 /Users/abdulbasit/NGNWEBTONGN/vendor/laravel/framework/src/Illuminate/View/ViewServiceProvider.php(97): Illuminate\\View\\Compilers\\Compiler->__construct(Object(Illuminate\\Filesystem\\Filesystem), false, '', true, 'php', true)
#1 /Users/abdulbasit/NGNWEBTONGN/vendor/laravel/framework/src/Illuminate/Container/Container.php(1115): Illuminate\\View\\ViewServiceProvider->Illuminate\\View\\{closure}(Object(Illuminate\\Foundation\\Application), Array)
#2 /Users/abdulbasit/NGNWEBTONGN/vendor/laravel/framework/src/Illuminate/Container/Container.php(933): Illuminate\\Container\\Container->build(Object(Closure))
#3 /Users/abdulbasit/NGNWEBTONGN/vendor/laravel/framework/src/Illuminate/Foundation/Application.php(1078): Illuminate\\Container\\Container->resolve('blade.compiler', Array, true)
#4 /Users/abdulbasit/NGNWEBTONGN/vendor/laravel/framework/src/Illuminate/Container/Container.php(864): Illuminate\\Foundation\\Application->resolve('blade.compiler', Array)
#5 /Users/abdulbasit/NGNWEBTONGN/vendor/laravel/framework/src/Illuminate/Foundation/Application.php(1058): Illuminate\\Container\\Container->make('blade.compiler', Array)
#6 /Users/abdulbasit/NGNWEBTONGN/vendor/laravel/framework/src/Illuminate/Container/Container.php(1805): Illuminate\\Foundation\\Application->make('blade.compiler')
#7 /Users/abdulbasit/NGNWEBTONGN/vendor/laravel/framework/src/Illuminate/Support/Facades/Facade.php(240): Illuminate\\Container\\Container->offsetGet('blade.compiler')
#8 /Users/abdulbasit/NGNWEBTONGN/vendor/laravel/framework/src/Illuminate/Support/Facades/Facade.php(211): Illuminate\\Support\\Facades\\Facade::resolveFacadeInstance('blade.compiler')
#9 /Users/abdulbasit/NGNWEBTONGN/vendor/laravel/framework/src/Illuminate/Support/Facades/Facade.php(357): Illuminate\\Support\\Facades\\Facade::getFacadeRoot()
#10 /Users/abdulbasit/NGNWEBTONGN/vendor/backpack/crud/src/BackpackServiceProvider.php(375): Illuminate\\Support\\Facades\\Facade::__callStatic('component', Array)
#11 /Users/abdulbasit/NGNWEBTONGN/vendor/backpack/crud/src/BackpackServiceProvider.php(105): Backpack\\CRUD\\BackpackServiceProvider->registerDynamicBladeComponents()
#12 /Users/abdulbasit/NGNWEBTONGN/vendor/laravel/framework/src/Illuminate/Foundation/Application.php(896): Backpack\\CRUD\\BackpackServiceProvider->register()
#13 /Users/abdulbasit/NGNWEBTONGN/vendor/laravel/framework/src/Illuminate/Foundation/ProviderRepository.php(74): Illuminate\\Foundation\\Application->register(Object(Backpack\\CRUD\\BackpackServiceProvider))
#14 /Users/abdulbasit/NGNWEBTONGN/vendor/laravel/framework/src/Illuminate/Foundation/Application.php(871): Illuminate\\Foundation\\ProviderRepository->load(Array)
#15 /Users/abdulbasit/NGNWEBTONGN/vendor/laravel/framework/src/Illuminate/Foundation/Bootstrap/RegisterProviders.php(37): Illuminate\\Foundation\\Application->registerConfiguredProviders()
#16 /Users/abdulbasit/NGNWEBTONGN/vendor/laravel/framework/src/Illuminate/Foundation/Application.php(342): Illuminate\\Foundation\\Bootstrap\\RegisterProviders->bootstrap(Object(Illuminate\\Foundation\\Application))
#17 /Users/abdulbasit/NGNWEBTONGN/vendor/laravel/framework/src/Illuminate/Foundation/Http/Kernel.php(186): Illuminate\\Foundation\\Application->bootstrapWith(Array)
#18 /Users/abdulbasit/NGNWEBTONGN/vendor/laravel/framework/src/Illuminate/Foundation/Http/Kernel.php(170): Illuminate\\Foundation\\Http\\Kernel->bootstrap()
#19 /Users/abdulbasit/NGNWEBTONGN/vendor/laravel/framework/src/Illuminate/Foundation/Http/Kernel.php(144): Illuminate\\Foundation\\Http\\Kernel->sendRequestThroughRouter(Object(Illuminate\\Http\\Request))
#20 /Users/abdulbasit/NGNWEBTONGN/public/index.php(51): Illuminate\\Foundation\\Http\\Kernel->handle(Object(Illuminate\\Http\\Request))
#21 /Users/abdulbasit/NGNWEBTONGN/vendor/laravel/framework/src/Illuminate/Foundation/resources/server.php(23): require_once('/Users/abdulbas...')
#22 {main}
"} 
[2026-06-29 14:24:08] local.ERROR: Please provide a valid cache path. {"exception":"[object] (InvalidArgumentException(code: 0): Please provide a valid cache path. at /Users/abdulbasit/NGNWEBTONGN/vendor/laravel/framework/src/Illuminate/View/Compilers/Compiler.php:75)
[stacktrace]
#0 /Users/abdulbasit/NGNWEBTONGN/vendor/laravel/framework/src/Illuminate/View/ViewServiceProvider.php(97): Illuminate\\View\\Compilers\\Compiler->__construct(Object(Illuminate\\Filesystem\\Filesystem), false, '', true, 'php', true)
#1 /Users/abdulbasit/NGNWEBTONGN/vendor/laravel/framework/src/Illuminate/Container/Container.php(1115): Illuminate\\View\\ViewServiceProvider->Illuminate\\View\\{closure}(Object(Illuminate\\Foundation\\Application), Array)
#2 /Users/abdulbasit/NGNWEBTONGN/vendor/laravel/framework/src/Illuminate/Container/Container.php(933): Illuminate\\Container\\Container->build(Object(Closure))
#3 /Users/abdulbasit/NGNWEBTONGN/vendor/laravel/framework/src/Illuminate/Foundation/Application.php(1078): Illuminate\\Container\\Container->resolve('blade.compiler', Array, true)
#4 /Users/abdulbasit/NGNWEBTONGN/vendor/laravel/framework/src/Illuminate/Container/Container.php(864): Illuminate\\Foundation\\Application->resolve('blade.compiler', Array)
#5 /Users/abdulbasit/NGNWEBTONGN/vendor/laravel/framework/src/Illuminate/Foundation/Application.php(1058): Illuminate\\Container\\Container->make('blade.compiler', Array)
#6 /Users/abdulbasit/NGNWEBTONGN/vendor/laravel/framework/src/Illuminate/Container/Container.php(1805): Illuminate\\Foundation\\Application->make('blade.compiler')
#7 /Users/abdulbasit/NGNWEBTONGN/vendor/laravel/framework/src/Illuminate/Support/Facades/Facade.php(240): Illuminate\\Container\\Container->offsetGet('blade.compiler')
#8 /Users/abdulbasit/NGNWEBTONGN/vendor/laravel/framework/src/Illuminate/Support/Facades/Facade.php(211): Illuminate\\Support\\Facades\\Facade::resolveFacadeInstance('blade.compiler')
#9 /Users/abdulbasit/NGNWEBTONGN/vendor/laravel/framework/src/Illuminate/Support/Facades/Facade.php(357): Illuminate\\Support\\Facades\\Facade::getFacadeRoot()
#10 /Users/abdulbasit/NGNWEBTONGN/vendor/backpack/crud/src/BackpackServiceProvider.php(375): Illuminate\\Support\\Facades\\Facade::__callStatic('component', Array)
#11 /Users/abdulbasit/NGNWEBTONGN/vendor/backpack/crud/src/BackpackServiceProvider.php(105): Backpack\\CRUD\\BackpackServiceProvider->registerDynamicBladeComponents()
#12 /Users/abdulbasit/NGNWEBTONGN/vendor/laravel/framework/src/Illuminate/Foundation/Application.php(896): Backpack\\CRUD\\BackpackServiceProvider->register()
#13 /Users/abdulbasit/NGNWEBTONGN/vendor/laravel/framework/src/Illuminate/Foundation/ProviderRepository.php(74): Illuminate\\Foundation\\Application->register(Object(Backpack\\CRUD\\BackpackServiceProvider))
#14 /Users/abdulbasit/NGNWEBTONGN/vendor/laravel/framework/src/Illuminate/Foundation/Application.php(871): Illuminate\\Foundation\\ProviderRepository->load(Array)
#15 /Users/abdulbasit/NGNWEBTONGN/vendor/laravel/framework/src/Illuminate/Foundation/Bootstrap/RegisterProviders.php(37): Illuminate\\Foundation\\Application->registerConfiguredProviders()
#16 /Users/abdulbasit/NGNWEBTONGN/vendor/laravel/framework/src/Illuminate/Foundation/Application.php(342): Illuminate\\Foundation\\Bootstrap\\RegisterProviders->bootstrap(Object(Illuminate\\Foundation\\Application))
#17 /Users/abdulbasit/NGNWEBTONGN/vendor/laravel/framework/src/Illuminate/Foundation/Http/Kernel.php(186): Illuminate\\Foundation\\Application->bootstrapWith(Array)
#18 /Users/abdulbasit/NGNWEBTONGN/vendor/laravel/framework/src/Illuminate/Foundation/Http/Kernel.php(170): Illuminate\\Foundation\\Http\\Kernel->bootstrap()
#19 /Users/abdulbasit/NGNWEBTONGN/vendor/laravel/framework/src/Illuminate/Foundation/Http/Kernel.php(144): Illuminate\\Foundation\\Http\\Kernel->sendRequestThroughRouter(Object(Illuminate\\Http\\Request))
#20 /Users/abdulbasit/NGNWEBTONGN/public/index.php(51): Illuminate\\Foundation\\Http\\Kernel->handle(Object(Illuminate\\Http\\Request))
#21 /Users/abdulbasit/NGNWEBTONGN/vendor/laravel/framework/src/Illuminate/Foundation/resources/server.php(23): require_once('/Users/abdulbas...')
#22 {main}
"} 
[2026-06-29 14:24:09] local.ERROR: Please provide a valid cache path. {"exception":"[object] (InvalidArgumentException(code: 0): Please provide a valid cache path. at /Users/abdulbasit/NGNWEBTONGN/vendor/laravel/framework/src/Illuminate/View/Compilers/Compiler.php:75)
[stacktrace]
#0 /Users/abdulbasit/NGNWEBTONGN/vendor/laravel/framework/src/Illuminate/View/ViewServiceProvider.php(97): Illuminate\\View\\Compilers\\Compiler->__construct(Object(Illuminate\\Filesystem\\Filesystem), false, '', true, 'php', true)
#1 /Users/abdulbasit/NGNWEBTONGN/vendor/laravel/framework/src/Illuminate/Container/Container.php(1115): Illuminate\\View\\ViewServiceProvider->Illuminate\\View\\{closure}(Object(Illuminate\\Foundation\\Application), Array)
#2 /Users/abdulbasit/NGNWEBTONGN/vendor/laravel/framework/src/Illuminate/Container/Container.php(933): Illuminate\\Container\\Container->build(Object(Closure))
#3 /Users/abdulbasit/NGNWEBTONGN/vendor/laravel/framework/src/Illuminate/Foundation/Application.php(1078): Illuminate\\Container\\Container->resolve('blade.compiler', Array, true)
#4 /Users/abdulbasit/NGNWEBTONGN/vendor/laravel/framework/src/Illuminate/Container/Container.php(864): Illuminate\\Foundation\\Application->resolve('blade.compiler', Array)
#5 /Users/abdulbasit/NGNWEBTONGN/vendor/laravel/framework/src/Illuminate/Foundation/Application.php(1058): Illuminate\\Container\\Container->make('blade.compiler', Array)
#6 /Users/abdulbasit/NGNWEBTONGN/vendor/laravel/framework/src/Illuminate/Container/Container.php(1805): Illuminate\\Foundation\\Application->make('blade.compiler')
#7 /Users/abdulbasit/NGNWEBTONGN/vendor/laravel/framework/src/Illuminate/Support/Facades/Facade.php(240): Illuminate\\Container\\Container->offsetGet('blade.compiler')
#8 /Users/abdulbasit/NGNWEBTONGN/vendor/laravel/framework/src/Illuminate/Support/Facades/Facade.php(211): Illuminate\\Support\\Facades\\Facade::resolveFacadeInstance('blade.compiler')
#9 /Users/abdulbasit/NGNWEBTONGN/vendor/laravel/framework/src/Illuminate/Support/Facades/Facade.php(357): Illuminate\\Support\\Facades\\Facade::getFacadeRoot()
#10 /Users/abdulbasit/NGNWEBTONGN/vendor/backpack/crud/src/BackpackServiceProvider.php(375): Illuminate\\Support\\Facades\\Facade::__callStatic('component', Array)
#11 /Users/abdulbasit/NGNWEBTONGN/vendor/backpack/crud/src/BackpackServiceProvider.php(105): Backpack\\CRUD\\BackpackServiceProvider->registerDynamicBladeComponents()
#12 /Users/abdulbasit/NGNWEBTONGN/vendor/laravel/framework/src/Illuminate/Foundation/Application.php(896): Backpack\\CRUD\\BackpackServiceProvider->register()
#13 /Users/abdulbasit/NGNWEBTONGN/vendor/laravel/framework/src/Illuminate/Foundation/ProviderRepository.php(74): Illuminate\\Foundation\\Application->register(Object(Backpack\\CRUD\\BackpackServiceProvider))
#14 /Users/abdulbasit/NGNWEBTONGN/vendor/laravel/framework/src/Illuminate/Foundation/Application.php(871): Illuminate\\Foundation\\ProviderRepository->load(Array)
#15 /Users/abdulbasit/NGNWEBTONGN/vendor/laravel/framework/src/Illuminate/Foundation/Bootstrap/RegisterProviders.php(37): Illuminate\\Foundation\\Application->registerConfiguredProviders()
#16 /Users/abdulbasit/NGNWEBTONGN/vendor/laravel/framework/src/Illuminate/Foundation/Application.php(342): Illuminate\\Foundation\\Bootstrap\\RegisterProviders->bootstrap(Object(Illuminate\\Foundation\\Application))
#17 /Users/abdulbasit/NGNWEBTONGN/vendor/laravel/framework/src/Illuminate/Foundation/Http/Kernel.php(186): Illuminate\\Foundation\\Application->bootstrapWith(Array)
#18 /Users/abdulbasit/NGNWEBTONGN/vendor/laravel/framework/src/Illuminate/Foundation/Http/Kernel.php(170): Illuminate\\Foundation\\Http\\Kernel->bootstrap()
#19 /Users/abdulbasit/NGNWEBTONGN/vendor/laravel/framework/src/Illuminate/Foundation/Http/Kernel.php(144): Illuminate\\Foundation\\Http\\Kernel->sendRequestThroughRouter(Object(Illuminate\\Http\\Request))
#20 /Users/abdulbasit/NGNWEBTONGN/public/index.php(51): Illuminate\\Foundation\\Http\\Kernel->handle(Object(Illuminate\\Http\\Request))
#21 /Users/abdulbasit/NGNWEBTONGN/vendor/laravel/framework/src/Illuminate/Foundation/resources/server.php(23): require_once('/Users/abdulbas...')
#22 {main}
"} 
